// Jest Snapshot v1, https://goo.gl/fbAQLP

exports[`Convert renders properly 1`] = `ShallowWrapper {}`;
